components/admin/AppSettingsModule.tsx(133,57): error TS2345: Argument of type 'unknown' is not assignable to parameter of type 'string'.
components/admin/BannersModule.tsx(295,52): error TS2345: Argument of type '"ACADEMY" | "EVENTS" | "HOME" | "BENEFITS"' is not assignable to parameter of type 'SetStateAction<"EVENTS" | "VIDEOS" | "ARTICLES" | "ALL" | "HOME">'.
  Type '"ACADEMY"' is not assignable to type 'SetStateAction<"EVENTS" | "VIDEOS" | "ARTICLES" | "ALL" | "HOME">'.
components/admin/BannersModule.tsx(547,81): error TS2322: Type '"ACADEMY" | "EVENTS" | "HOME" | "BENEFITS"' is not assignable to type '"EVENTS" | "VIDEOS" | "ARTICLES" | "HOME"'.
  Type '"ACADEMY"' is not assignable to type '"EVENTS" | "VIDEOS" | "ARTICLES" | "HOME"'.
components/admin/chat/AdminChatModals.tsx(151,41): error TS2322: Type 'unknown' is not assignable to type 'Key'.
components/admin/chat/AdminChatModals.tsx(155,46): error TS2322: Type 'unknown' is not assignable to type 'string'.
components/admin/chat/AdminChatModals.tsx(155,118): error TS2322: Type 'unknown' is not assignable to type 'string'.
components/admin/chat/AdminChatModals.tsx(157,94): error TS2322: Type 'unknown' is not assignable to type 'ReactNode'.
components/admin/chat/AdminChatModals.tsx(158,97): error TS2322: Type 'unknown' is not assignable to type 'ReactNode'.
components/admin/chat/AdminChatModals.tsx(168,34): error TS2322: Type 'unknown' is not assignable to type 'string'.
components/admin/chat/AdminChatModals.tsx(168,114): error TS2322: Type 'unknown' is not assignable to type 'string'.
components/admin/chat/AdminChatModals.tsx(170,73): error TS2322: Type 'unknown' is not assignable to type 'ReactNode'.
components/admin/chat/AdminChatModals.tsx(171,76): error TS2322: Type 'unknown' is not assignable to type 'ReactNode'.
components/admin/events/EventList.tsx(146,25): error TS2345: Argument of type '{ id: any; status: any; created_at: any; user_id: any; profiles: { id: any; name: any; company: any; job_title: any; image_url: any; email: any; }[]; }[]' is not assignable to parameter of type 'SetStateAction<RsvpItem[]>'.
  Type '{ id: any; status: any; created_at: any; user_id: any; profiles: { id: any; name: any; company: any; job_title: any; image_url: any; email: any; }[]; }[]' is not assignable to type 'RsvpItem[]'.
    Type '{ id: any; status: any; created_at: any; user_id: any; profiles: { id: any; name: any; company: any; job_title: any; image_url: any; email: any; }[]; }' is not assignable to type 'RsvpItem'.
      Types of property 'profiles' are incompatible.
        Type '{ id: any; name: any; company: any; job_title: any; image_url: any; email: any; }[]' is missing the following properties from type '{ id: string; name: string; company: string; job_title: string; image_url: string; email: string; }': id, name, company, job_title, and 2 more.
components/admin/GalleryModule.tsx(42,23): error TS2345: Argument of type 'GalleryAlbum[]' is not assignable to parameter of type 'SetStateAction<Record<string, unknown>[]>'.
  Type 'GalleryAlbum[]' is not assignable to type 'Record<string, unknown>[]'.
    Type 'GalleryAlbum' is not assignable to type 'Record<string, unknown>'.
      Index signature for type 'string' is missing in type 'GalleryAlbum'.
components/admin/GalleryModule.tsx(71,50): error TS2345: Argument of type 'unknown' is not assignable to parameter of type 'string'.
components/admin/GalleryModule.tsx(73,67): error TS2345: Argument of type '{ title: unknown; description: unknown; embedUrl: unknown; coverImage: unknown; }' is not assignable to parameter of type 'Omit<GalleryAlbum, "id" | "createdAt">'.
  Types of property 'title' are incompatible.
    Type 'unknown' is not assignable to type 'string'.
components/admin/GalleryModule.tsx(76,38): error TS2345: Argument of type 'unknown' is not assignable to parameter of type 'string'.
components/admin/GalleryModule.tsx(175,72): error TS2322: Type 'unknown' is not assignable to type 'string'.
components/admin/GalleryModule.tsx(176,68): error TS2322: Type 'unknown' is not assignable to type 'string'.
components/admin/GalleryModule.tsx(177,68): error TS2322: Type 'unknown' is not assignable to type 'string'.
components/admin/GalleryModule.tsx(181,38): error TS2322: Type 'unknown' is not assignable to type 'string'.
components/admin/GalleryModule.tsx(184,80): error TS2322: Type 'unknown' is not assignable to type 'string'.
components/admin/NotificationBannersModule.tsx(540,87): error TS2339: Property 'message' does not exist on type 'unknown'.
components/admin/UserActivityDetail.tsx(88,27): error TS2322: Type 'unknown' is not assignable to type 'string'.
components/admin/UserActivityDetail.tsx(89,29): error TS2322: Type 'unknown' is not assignable to type 'string'.
components/admin/UserActivityDetail.tsx(90,32): error TS2322: Type 'unknown' is not assignable to type 'string'.
components/admin/UserActivityDetail.tsx(91,30): error TS2322: Type 'unknown' is not assignable to type 'string'.
components/admin/UserActivityDetail.tsx(92,27): error TS2322: Type 'unknown' is not assignable to type 'string'.
components/admin/UserActivityDetail.tsx(94,31): error TS2322: Type 'unknown' is not assignable to type 'string'.
components/admin/UserActivityDetail.tsx(95,29): error TS2322: Type 'unknown' is not assignable to type 'string'.
components/AdminChatManager.tsx(293,102): error TS2345: Argument of type 'unknown' is not assignable to parameter of type 'string'.
components/ImageUpload.tsx(96,34): error TS2352: Conversion of type 'StorageError' to type 'Record<string, unknown>' may be a mistake because neither type sufficiently overlaps with the other. If this was intentional, convert the expression to 'unknown' first.
  Index signature for type 'string' is missing in type 'StorageError'.
components/layout/DesktopSidebar.tsx(150,52): error TS2345: Argument of type 'string' is not assignable to parameter of type 'ViewState'.
components/MemberBook.tsx(495,72): error TS2352: Conversion of type 'ProfileData' to type 'Record<string, unknown>' may be a mistake because neither type sufficiently overlaps with the other. If this was intentional, convert the expression to 'unknown' first.
  Index signature for type 'string' is missing in type 'ProfileData'.
components/ProfileEdit.tsx(334,116): error TS2304: Cannot find name 'MemberRow'.
components/ProfileEdit.tsx(348,111): error TS2304: Cannot find name 'MemberRow'.
components/ProfilePreview.tsx(194,31): error TS2352: Conversion of type 'ProfileData' to type 'Record<string, unknown>' may be a mistake because neither type sufficiently overlaps with the other. If this was intentional, convert the expression to 'unknown' first.
  Index signature for type 'string' is missing in type 'ProfileData'.
services/adminBirthdayService.ts(111,21): error TS2353: Object literal may only specify known properties, and 'triggerDate' does not exist in type 'BirthdayBanner'.
